[INFO] Scanning for projects...
[WARNING] 
[WARNING] Some problems were encountered while building the effective model for com.example:boardgames-backend:jar:1.0.0
[WARNING] 'dependencies.dependency.(groupId:artifactId:type:classifier)' must be unique: org.springframework.boot:spring-boot-starter-security:jar -> duplicate declaration of version (?) @ line 43, column 19
[WARNING] 'dependencies.dependency.(groupId:artifactId:type:classifier)' must be unique: org.postgresql:postgresql:jar -> duplicate declaration of version (?) @ line 59, column 19
[WARNING] 
[WARNING] It is highly recommended to fix these problems because they threaten the stability of your build.
[WARNING] 
[WARNING] For this reason, future Maven versions might no longer support building such malformed projects.
[WARNING] 
[INFO] 
[INFO] -------------------< com.example:boardgames-backend >-------------------
[INFO] Building boardgames-backend 1.0.0
[INFO]   from pom.xml
[INFO] --------------------------------[ jar ]---------------------------------
[INFO] 
[INFO] >>> spring-boot:3.4.1:run (default-cli) > test-compile @ boardgames-backend >>>
[INFO] 
[INFO] --- resources:3.3.1:resources (default-resources) @ boardgames-backend ---
[INFO] Copying 1 resource from backend\src\main\resources to target\classes
[INFO] 
[INFO] --- compiler:3.13.0:compile (default-compile) @ boardgames-backend ---
[INFO] Recompiling the module because of changed source code.
[INFO] Compiling 41 source files with javac [debug parameters release 17] to target\classes
[INFO] 
[INFO] --- resources:3.3.1:testResources (default-testResources) @ boardgames-backend ---
[INFO] skip non existing resourceDirectory C:\dev\projects\bd\boardgame-backend-full\src\test\resources
[INFO] 
[INFO] --- compiler:3.13.0:testCompile (default-testCompile) @ boardgames-backend ---
[INFO] Recompiling the module because of changed dependency.
[INFO] Compiling 1 source file with javac [debug parameters release 17] to target\test-classes
[INFO] 
[INFO] <<< spring-boot:3.4.1:run (default-cli) < test-compile @ boardgames-backend <<<
[INFO] 
[INFO] 
[INFO] --- spring-boot:3.4.1:run (default-cli) @ boardgames-backend ---
[INFO] Attaching agents: []

  .   ____          _            __ _ _
 /\\ / ___'_ __ _ _(_)_ __  __ _ \ \ \ \
( ( )\___ | '_ | '_| | '_ \/ _` | \ \ \ \
 \\/  ___)| |_)| | | | | || (_| |  ) ) ) )
  '  |____| .__|_| |_|_| |_\__, | / / / /
 =========|_|==============|___/=/_/_/_/

 :: Spring Boot ::                (v3.4.1)

2026-09-15T17:30:24.822+07:00  INFO 27680 --- [           main] com.family.boardgames.Application        : Starting Application using Java 17.0.12 with PID 27680 (C:\dev\projects\bd\boardgame-backend-full\target\classes started by Dynamika-PC in C:\dev\projects\bd\boardgame-backend-full)
2026-09-15T17:30:24.827+07:00 DEBUG 27680 --- [           main] com.family.boardgames.Application        : Running with Spring Boot v3.4.1, Spring v6.2.1
2026-09-15T17:30:24.828+07:00  INFO 27680 --- [           main] com.family.boardgames.Application        : No active profile set, falling back to 1 default profile: "default"
2026-09-15T17:30:25.286+07:00  INFO 27680 --- [           main] .s.d.r.c.RepositoryConfigurationDelegate : Bootstrapping Spring Data JPA repositories in DEFAULT mode.
2026-09-15T17:30:25.335+07:00  INFO 27680 --- [           main] .s.d.r.c.RepositoryConfigurationDelegate : Finished Spring Data repository scanning in 47 ms. Found 7 JPA repository interfaces.
2026-09-15T17:30:25.928+07:00  INFO 27680 --- [           main] o.s.b.w.embedded.tomcat.TomcatWebServer  : Tomcat initialized with port 8080 (http)
2026-09-15T17:30:25.937+07:00  INFO 27680 --- [           main] o.apache.catalina.core.StandardService   : Starting service [Tomcat]
2026-09-15T17:30:25.937+07:00  INFO 27680 --- [           main] o.apache.catalina.core.StandardEngine    : Starting Servlet engine: [Apache Tomcat/10.1.34]
2026-09-15T17:30:25.999+07:00  INFO 27680 --- [           main] o.a.c.c.C.[Tomcat].[localhost].[/]       : Initializing Spring embedded WebApplicationContext
2026-09-15T17:30:26.000+07:00  INFO 27680 --- [           main] w.s.c.ServletWebServerApplicationContext : Root WebApplicationContext: initialization completed in 1145 ms
2026-09-15T17:30:26.122+07:00  INFO 27680 --- [           main] o.hibernate.jpa.internal.util.LogHelper  : HHH000204: Processing PersistenceUnitInfo [name: default]
2026-09-15T17:30:26.167+07:00  INFO 27680 --- [           main] org.hibernate.Version                    : HHH000412: Hibernate ORM core version 6.6.4.Final
2026-09-15T17:30:26.190+07:00  INFO 27680 --- [           main] o.h.c.internal.RegionFactoryInitiator    : HHH000026: Second-level cache disabled
